
> stacking-blocks-math-web@1.0.0 build
> tsc -b && vite build

vite v6.4.3 building for production...
transforming...
✓ 532 modules transformed.
rendering chunks...
computing gzip size...
dist/index.html                                        0.60 kB │ gzip:   0.40 kB
dist/assets/pdf.worker.min-Dswkl-cV.mjs            1,265.41 kB
dist/assets/spatial-Bi9apmkI.css                       4.10 kB │ gzip:   1.34 kB
dist/assets/index-57YWddgb.css                        11.58 kB │ gzip:   3.32 kB
dist/assets/pdf.worker.min-CWpYdfRJ.js                 0.07 kB │ gzip:   0.09 kB
dist/assets/rewards-Dc0dHNJH.js                        0.13 kB │ gzip:   0.12 kB
dist/assets/display-CLlxKRr1.js                        0.36 kB │ gzip:   0.25 kB
dist/assets/pass.fragment-DjL1f61c.js                  0.38 kB │ gzip:   0.29 kB
dist/assets/answerUi-BJNFcVGY.js                       0.39 kB │ gzip:   0.24 kB
dist/assets/supabase-CPwJIyTP.js                       0.39 kB │ gzip:   0.32 kB
dist/assets/rgbdDecode.fragment-DUF4J6BS.js            0.48 kB │ gzip:   0.34 kB
dist/assets/pass.fragment-BGrYioeU.js                  0.51 kB │ gzip:   0.33 kB
dist/assets/spatialConventions-D8XZBjz9.js             0.56 kB │ gzip:   0.35 kB
dist/assets/rgbdDecode.fragment-B-NVwxZe.js            0.61 kB │ gzip:   0.39 kB
dist/assets/snapshotDraft-B86A_uFv.js                  0.66 kB │ gzip:   0.35 kB
dist/assets/Representations-YubjJnh2.js                0.79 kB │ gzip:   0.50 kB
dist/assets/color.fragment-pGruAXTR.js                 0.81 kB │ gzip:   0.41 kB
dist/assets/passCube.fragment-AxSqZkPv.js              0.89 kB │ gzip:   0.39 kB
dist/assets/color.fragment-f6DJI49T.js                 0.91 kB │ gzip:   0.44 kB
dist/assets/mesh.vertexData.functions-ayNlGC5K.js      0.96 kB │ gzip:   0.49 kB
dist/assets/activities-paHaSAaB.js                     1.16 kB │ gzip:   0.56 kB
dist/assets/passCube.fragment-CdsDLlp-.js              1.19 kB │ gzip:   0.44 kB
dist/assets/color.vertex-CyK42kKK.js                   1.21 kB │ gzip:   0.56 kB
dist/assets/color.vertex-v_PIDdoM.js                   1.28 kB │ gzip:   0.56 kB
dist/assets/ActivityBuilder-TEyI8Blp.js                1.29 kB │ gzip:   0.71 kB
dist/assets/ProjectionGrid-B8DqsOF5.js                 1.35 kB │ gzip:   0.72 kB
dist/assets/ddsTextureLoader-Dc3mUXv5.js               1.36 kB │ gzip:   0.67 kB
dist/assets/teacherErrors-w-MDL-eg.js                  1.68 kB │ gzip:   0.87 kB
dist/assets/logDepthDeclaration-DZvoeg0r.js            1.96 kB │ gzip:   0.75 kB
dist/assets/fogFragment-BcVSpjc3.js                    2.09 kB │ gzip:   0.65 kB
dist/assets/TeacherGate-iGJZZT7i.js                    2.11 kB │ gzip:   1.06 kB
dist/assets/fogFragment-DoMXAfd1.js                    2.32 kB │ gzip:   0.70 kB
dist/assets/logDepthDeclaration-iyGOnaKz.js            2.33 kB │ gzip:   0.75 kB
dist/assets/hdrTextureLoader-JmjOMDxo.js               2.48 kB │ gzip:   1.20 kB
dist/assets/iesTextureLoader-DizyFrzn.js               2.76 kB │ gzip:   1.20 kB
dist/assets/RewardsPage-D7519pML.js                    2.95 kB │ gzip:   1.48 kB
dist/assets/lessons-C2PhnTZU.js                        3.02 kB │ gzip:   1.31 kB
dist/assets/dumpTools-CU3MuGA9.js                      3.31 kB │ gzip:   1.59 kB
dist/assets/tgaTextureLoader-DI5koJsV.js               3.59 kB │ gzip:   1.42 kB
dist/assets/problemPresentation-BQF8ZJ4V.js            4.03 kB │ gzip:   1.59 kB
dist/assets/StudentWorld-DqiBGJ3m.js                   5.04 kB │ gzip:   2.10 kB
dist/assets/LessonLearnPage-B72UJLuw.js                5.52 kB │ gzip:   2.38 kB
dist/assets/TeacherProblemEditor-BUAZZOON.js           5.84 kB │ gzip:   2.55 kB
dist/assets/helperFunctions-BBoDS47f.js                5.87 kB │ gzip:   1.97 kB
dist/assets/TeacherStudentRecord-CFXQT2Fc.js           6.10 kB │ gzip:   2.51 kB
dist/assets/helperFunctions-C779LWb9.js                6.22 kB │ gzip:   2.09 kB
dist/assets/PeerChallengePage-BLfPNghN.js              7.15 kB │ gzip:   2.51 kB
dist/assets/envTextureLoader-B8Un60BE.js               8.02 kB │ gzip:   3.21 kB
dist/assets/basisTextureLoader-DQPq39iH.js             8.29 kB │ gzip:   3.29 kB
dist/assets/ArchitecturePage-Co386o3j.js               8.81 kB │ gzip:   3.46 kB
dist/assets/dds-DQnXBB9O.js                            9.77 kB │ gzip:   3.77 kB
dist/assets/vertexColorMixing-E5NmwegJ.js              9.96 kB │ gzip:   1.92 kB
dist/assets/WorksheetImportPage-Cj_Fgtbp.js           10.30 kB │ gzip:   4.19 kB
dist/assets/vertexColorMixing-DxGgQnQy.js             11.31 kB │ gzip:   1.95 kB
dist/assets/TeacherPage-DucIoY9d.js                   14.39 kB │ gzip:   5.10 kB
dist/assets/exrTextureLoader-BJ-0klXs.js              15.59 kB │ gzip:   5.84 kB
dist/assets/spatial-h9-0lWRf.js                       15.83 kB │ gzip:   6.00 kB
dist/assets/ktxTextureLoader-BS6Kb8Hm.js              15.92 kB │ gzip:   4.67 kB
dist/assets/Lesson3Redesign-CoGsz40M.js               16.13 kB │ gzip:   5.63 kB
dist/assets/TeacherProblemPreview-CWYNoQhh.js         18.47 kB │ gzip:   6.40 kB
dist/assets/default.vertex-BVvkJYZk.js                18.95 kB │ gzip:   4.03 kB
dist/assets/default.vertex-CPtd_0Oo.js                20.94 kB │ gzip:   4.10 kB
dist/assets/Phase2Redesign-B-vlO7LA.js                25.13 kB │ gzip:   8.67 kB
dist/assets/LessonPage-BKe-CLPb.js                    27.27 kB │ gzip:   9.19 kB
dist/assets/passPostProcess-BkOPydZr.js               59.65 kB │ gzip:  14.78 kB
dist/assets/default.fragment-gMhHPiuA.js              99.83 kB │ gzip:  19.33 kB
dist/assets/default.fragment-EqfjAO9g.js             106.27 kB │ gzip:  19.45 kB
dist/assets/supabase-D_iOwayF.js                     227.02 kB │ gzip:  58.86 kB
dist/assets/index-DiTA8yQm.js                        282.24 kB │ gzip:  89.98 kB
dist/assets/pdf-CfP-JzcY.js                          483.14 kB │ gzip: 144.26 kB
dist/assets/BlockWorld-DnNrkb-H.js                 1,054.41 kB │ gzip: 255.26 kB
✓ built in 6.25s
