
> stacking-blocks-math-web@1.0.0 build
> tsc -b && vite build

vite v6.4.3 building for production...
transforming...
✓ 528 modules transformed.
rendering chunks...
computing gzip size...
dist/index.html                                        0.60 kB │ gzip:   0.41 kB
dist/assets/pdf.worker.min-Dswkl-cV.mjs            1,265.41 kB
dist/assets/Lesson3Redesign-DpVG1r55.css               3.10 kB │ gzip:   1.10 kB
dist/assets/index-57YWddgb.css                        11.58 kB │ gzip:   3.32 kB
dist/assets/pdf.worker.min-CWpYdfRJ.js                 0.07 kB │ gzip:   0.09 kB
dist/assets/rewards-Dc0dHNJH.js                        0.13 kB │ gzip:   0.12 kB
dist/assets/display-CLlxKRr1.js                        0.36 kB │ gzip:   0.25 kB
dist/assets/pass.fragment-CINrE-In.js                  0.38 kB │ gzip:   0.29 kB
dist/assets/answerUi-BJNFcVGY.js                       0.39 kB │ gzip:   0.24 kB
dist/assets/supabase-BiFzL8jz.js                       0.39 kB │ gzip:   0.32 kB
dist/assets/rgbdDecode.fragment-DIB06ZGR.js            0.48 kB │ gzip:   0.34 kB
dist/assets/pass.fragment-DVd3S-zF.js                  0.51 kB │ gzip:   0.34 kB
dist/assets/spatialConventions-DyGNLTOy.js             0.56 kB │ gzip:   0.35 kB
dist/assets/rgbdDecode.fragment-D_dGe7z1.js            0.61 kB │ gzip:   0.39 kB
dist/assets/snapshotDraft-B86A_uFv.js                  0.66 kB │ gzip:   0.35 kB
dist/assets/Representations-BW1InnJ8.js                0.79 kB │ gzip:   0.50 kB
dist/assets/color.fragment-BZ-osV4f.js                 0.81 kB │ gzip:   0.41 kB
dist/assets/passCube.fragment-ChrkXyuM.js              0.89 kB │ gzip:   0.39 kB
dist/assets/color.fragment-D9-5PJKl.js                 0.91 kB │ gzip:   0.44 kB
dist/assets/mesh.vertexData.functions-ayNlGC5K.js      0.96 kB │ gzip:   0.49 kB
dist/assets/activities-IuKZjC4d.js                     1.16 kB │ gzip:   0.57 kB
dist/assets/passCube.fragment-7Er7VN9B.js              1.19 kB │ gzip:   0.44 kB
dist/assets/color.vertex-gIGaR-Cp.js                   1.21 kB │ gzip:   0.56 kB
dist/assets/color.vertex-QuF3smJc.js                   1.28 kB │ gzip:   0.56 kB
dist/assets/ActivityBuilder-DksFSO-6.js                1.29 kB │ gzip:   0.71 kB
dist/assets/ProjectionGrid-CLhwqRzM.js                 1.35 kB │ gzip:   0.72 kB
dist/assets/ddsTextureLoader-GNmHYXCt.js               1.36 kB │ gzip:   0.67 kB
dist/assets/teacherErrors-w-MDL-eg.js                  1.68 kB │ gzip:   0.87 kB
dist/assets/logDepthDeclaration-Txtg8KQA.js            1.96 kB │ gzip:   0.75 kB
dist/assets/fogFragment-CzWx9-Nk.js                    2.09 kB │ gzip:   0.65 kB
dist/assets/TeacherGate-OYJtr0fr.js                    2.11 kB │ gzip:   1.06 kB
dist/assets/fogFragment-DRQSWopH.js                    2.32 kB │ gzip:   0.70 kB
dist/assets/logDepthDeclaration-BRw_BBc7.js            2.33 kB │ gzip:   0.75 kB
dist/assets/hdrTextureLoader-BzBktvdv.js               2.48 kB │ gzip:   1.20 kB
dist/assets/iesTextureLoader-S4C1-EKs.js               2.76 kB │ gzip:   1.21 kB
dist/assets/RewardsPage-C0YMxiL7.js                    2.95 kB │ gzip:   1.48 kB
dist/assets/lessons-C2PhnTZU.js                        3.02 kB │ gzip:   1.31 kB
dist/assets/dumpTools-CYUcAK-z.js                      3.31 kB │ gzip:   1.59 kB
dist/assets/tgaTextureLoader-i_PbXg5i.js               3.59 kB │ gzip:   1.42 kB
dist/assets/problemPresentation-BQF8ZJ4V.js            4.03 kB │ gzip:   1.59 kB
dist/assets/StudentWorld-CfOY2Xb0.js                   5.04 kB │ gzip:   2.10 kB
dist/assets/LessonLearnPage-DsJOlXaK.js                5.52 kB │ gzip:   2.39 kB
dist/assets/TeacherProblemEditor-C_hdqphW.js           5.84 kB │ gzip:   2.55 kB
dist/assets/helperFunctions-DzffV57G.js                5.87 kB │ gzip:   1.97 kB
dist/assets/TeacherStudentRecord-6hZjBr3s.js           6.10 kB │ gzip:   2.52 kB
dist/assets/helperFunctions-Dnr6cVae.js                6.22 kB │ gzip:   2.09 kB
dist/assets/PeerChallengePage-BCD2rOfM.js              7.15 kB │ gzip:   2.52 kB
dist/assets/envTextureLoader-Ca7Mf7l6.js               8.02 kB │ gzip:   3.21 kB
dist/assets/basisTextureLoader-jPkXdrpO.js             8.29 kB │ gzip:   3.29 kB
dist/assets/ArchitecturePage-D9SE0wco.js               8.81 kB │ gzip:   3.46 kB
dist/assets/dds-CDcYgenH.js                            9.77 kB │ gzip:   3.77 kB
dist/assets/vertexColorMixing-LSHLYp5i.js              9.96 kB │ gzip:   1.93 kB
dist/assets/WorksheetImportPage-DV_er4Wn.js           10.30 kB │ gzip:   4.20 kB
dist/assets/vertexColorMixing-BYiuKK1G.js             11.31 kB │ gzip:   1.95 kB
dist/assets/TeacherPage-Dz1B-T4K.js                   14.39 kB │ gzip:   5.10 kB
dist/assets/exrTextureLoader-Bdx_qGM2.js              15.59 kB │ gzip:   5.84 kB
dist/assets/ktxTextureLoader-CzHcYiHX.js              15.92 kB │ gzip:   4.67 kB
dist/assets/TeacherProblemPreview-BHxCwInr.js         18.47 kB │ gzip:   6.40 kB
dist/assets/default.vertex-DO_eODF2.js                18.95 kB │ gzip:   4.03 kB
dist/assets/default.vertex-DmsH7QCD.js                20.94 kB │ gzip:   4.10 kB
dist/assets/LessonPage-CG2nkZmK.js                    27.27 kB │ gzip:   9.19 kB
dist/assets/Lesson3Redesign-CDfQCFge.js               31.40 kB │ gzip:  10.53 kB
dist/assets/passPostProcess-DK6t8o4j.js               59.65 kB │ gzip:  14.79 kB
dist/assets/default.fragment-BmklEGV6.js              99.83 kB │ gzip:  19.33 kB
dist/assets/default.fragment-BzYpAG6W.js             106.27 kB │ gzip:  19.45 kB
dist/assets/supabase-D_iOwayF.js                     227.02 kB │ gzip:  58.86 kB
dist/assets/index-KmFT6pXN.js                        282.01 kB │ gzip:  89.90 kB
dist/assets/pdf-CfP-JzcY.js                          483.14 kB │ gzip: 144.26 kB
dist/assets/BlockWorld-SCLDiYLJ.js                 1,053.85 kB │ gzip: 255.11 kB
✓ built in 39.80s
