
> stacking-blocks-math-web@1.0.0 qa:redesign
> node scripts/run-redesign-qa.mjs


> stacking-blocks-math-web@1.0.0 build
> tsc -b && vite build

vite v6.4.3 building for production...
transforming...
✓ 528 modules transformed.
rendering chunks...
computing gzip size...
dist/index.html                                        0.60 kB │ gzip:   0.40 kB
dist/assets/pdf.worker.min-Dswkl-cV.mjs            1,265.41 kB
dist/assets/Lesson3Redesign-BE7RVrpl.css               2.86 kB │ gzip:   1.04 kB
dist/assets/index-57YWddgb.css                        11.58 kB │ gzip:   3.32 kB
dist/assets/pdf.worker.min-CWpYdfRJ.js                 0.07 kB │ gzip:   0.09 kB
dist/assets/rewards-Dc0dHNJH.js                        0.13 kB │ gzip:   0.12 kB
dist/assets/display-BSppzBn3.js                        0.22 kB │ gzip:   0.19 kB
dist/assets/pass.fragment-AYOeowOU.js                  0.38 kB │ gzip:   0.29 kB
dist/assets/answerUi-BJNFcVGY.js                       0.39 kB │ gzip:   0.24 kB
dist/assets/supabase-BnRGDptv.js                       0.39 kB │ gzip:   0.32 kB
dist/assets/rgbdDecode.fragment-BCmPjx22.js            0.48 kB │ gzip:   0.34 kB
dist/assets/pass.fragment-Ltl22fQb.js                  0.51 kB │ gzip:   0.33 kB
dist/assets/spatialConventions-BG5HEYJD.js             0.56 kB │ gzip:   0.35 kB
dist/assets/rgbdDecode.fragment-BryqthtJ.js            0.61 kB │ gzip:   0.39 kB
dist/assets/snapshotDraft-B86A_uFv.js                  0.66 kB │ gzip:   0.35 kB
dist/assets/Representations-Oci_qlrX.js                0.79 kB │ gzip:   0.50 kB
dist/assets/color.fragment-v52Uib2E.js                 0.81 kB │ gzip:   0.41 kB
dist/assets/passCube.fragment-BMro0cKu.js              0.89 kB │ gzip:   0.39 kB
dist/assets/color.fragment-D2krR3MQ.js                 0.91 kB │ gzip:   0.44 kB
dist/assets/mesh.vertexData.functions-ayNlGC5K.js      0.96 kB │ gzip:   0.49 kB
dist/assets/activities-uatZF_4U.js                     1.16 kB │ gzip:   0.57 kB
dist/assets/passCube.fragment-C12zZIAY.js              1.19 kB │ gzip:   0.44 kB
dist/assets/color.vertex-B5WBErpw.js                   1.21 kB │ gzip:   0.56 kB
dist/assets/color.vertex-D-7m-NV0.js                   1.28 kB │ gzip:   0.56 kB
dist/assets/ActivityBuilder-B85x6-i3.js                1.29 kB │ gzip:   0.71 kB
dist/assets/ProjectionGrid-Dp9oIPkU.js                 1.35 kB │ gzip:   0.72 kB
dist/assets/ddsTextureLoader-71F62bc7.js               1.36 kB │ gzip:   0.68 kB
dist/assets/teacherErrors-w-MDL-eg.js                  1.68 kB │ gzip:   0.87 kB
dist/assets/logDepthDeclaration-B_AfRPZG.js            1.96 kB │ gzip:   0.75 kB
dist/assets/fogFragment-DKCMlCqy.js                    2.09 kB │ gzip:   0.65 kB
dist/assets/TeacherGate-ZSaHsTv_.js                    2.11 kB │ gzip:   1.06 kB
dist/assets/fogFragment-C1c-fuJw.js                    2.32 kB │ gzip:   0.70 kB
dist/assets/logDepthDeclaration-CFTc7lwe.js            2.33 kB │ gzip:   0.75 kB
dist/assets/hdrTextureLoader-DJlJiPaM.js               2.48 kB │ gzip:   1.20 kB
dist/assets/iesTextureLoader-C7KJS8Rh.js               2.76 kB │ gzip:   1.21 kB
dist/assets/RewardsPage-u1LYf_JK.js                    2.95 kB │ gzip:   1.48 kB
dist/assets/lessons-C2PhnTZU.js                        3.02 kB │ gzip:   1.31 kB
dist/assets/dumpTools-DJrTkGA1.js                      3.31 kB │ gzip:   1.59 kB
dist/assets/tgaTextureLoader-sYgUmxox.js               3.59 kB │ gzip:   1.42 kB
dist/assets/problemPresentation-BQF8ZJ4V.js            4.03 kB │ gzip:   1.59 kB
dist/assets/StudentWorld-Dk273Bre.js                   5.04 kB │ gzip:   2.10 kB
dist/assets/LessonLearnPage-CCEhzixA.js                5.52 kB │ gzip:   2.38 kB
dist/assets/TeacherProblemEditor-BEQ3i7JM.js           5.84 kB │ gzip:   2.55 kB
dist/assets/helperFunctions-uyAFKWgq.js                5.87 kB │ gzip:   1.97 kB
dist/assets/TeacherStudentRecord-CBVKqD87.js           6.10 kB │ gzip:   2.52 kB
dist/assets/helperFunctions-BdlZBN5h.js                6.22 kB │ gzip:   2.09 kB
dist/assets/PeerChallengePage-8sFNSj4y.js              7.15 kB │ gzip:   2.52 kB
dist/assets/envTextureLoader-BlFzEEry.js               8.02 kB │ gzip:   3.21 kB
dist/assets/basisTextureLoader-C5nN8i61.js             8.29 kB │ gzip:   3.30 kB
dist/assets/ArchitecturePage-Ccnsh8jF.js               8.81 kB │ gzip:   3.46 kB
dist/assets/dds-COGJBT9C.js                            9.77 kB │ gzip:   3.77 kB
dist/assets/vertexColorMixing-tYOKTTfE.js              9.96 kB │ gzip:   1.93 kB
dist/assets/WorksheetImportPage-O-IYXzWf.js           10.30 kB │ gzip:   4.19 kB
dist/assets/vertexColorMixing-B3t8sccz.js             11.31 kB │ gzip:   1.95 kB
dist/assets/TeacherPage-Dy7JjDyI.js                   14.39 kB │ gzip:   5.10 kB
dist/assets/exrTextureLoader-C4ON7JPD.js              15.59 kB │ gzip:   5.84 kB
dist/assets/ktxTextureLoader-Bs2kKxA-.js              15.92 kB │ gzip:   4.67 kB
dist/assets/TeacherProblemPreview-C6D_YY36.js         18.47 kB │ gzip:   6.40 kB
dist/assets/default.vertex-CB06Xy1X.js                18.95 kB │ gzip:   4.03 kB
dist/assets/default.vertex-BW4IO3-f.js                20.94 kB │ gzip:   4.10 kB
dist/assets/LessonPage-CVsHwIId.js                    27.27 kB │ gzip:   9.19 kB
dist/assets/Lesson3Redesign-CzhTMYD-.js               31.31 kB │ gzip:  10.50 kB
dist/assets/passPostProcess-BGwVwiIf.js               59.65 kB │ gzip:  14.78 kB
dist/assets/default.fragment-4kRdqOlq.js              99.83 kB │ gzip:  19.33 kB
dist/assets/default.fragment-PumQS3cG.js             106.27 kB │ gzip:  19.45 kB
dist/assets/supabase-D_iOwayF.js                     227.02 kB │ gzip:  58.86 kB
dist/assets/index-BneC6_XT.js                        282.01 kB │ gzip:  89.91 kB
dist/assets/pdf-CfP-JzcY.js                          483.14 kB │ gzip: 144.26 kB
dist/assets/BlockWorld-JnksO7kq.js                 1,053.33 kB │ gzip: 254.89 kB
✓ built in 7.26s
Error: Process from config.webServer was not able to start. Exit code: 1

Report: qa/redesign-browser/5b43a25-2026-09-12T15-24-41-167Z/report.md
