
> stacking-blocks-math-web@1.0.0 test
> node --experimental-strip-types --test tests/*.test.ts

✔ lesson 9 challenge requires exactly ten physically valid blocks (1.277ms)
✔ lesson 9 challenge cards are generated from the same projections (0.435458ms)
✔ lesson 9 score is two points without hint and one after hint (0.122458ms)
✔ architecture project requires complete text, three floors and a third floor block (38.546792ms)
✔ practice generator is deterministic and scales by lesson (33.126ms)
✔ all practice lesson generators produce valid seeded problems (429.487542ms)
✔ practice sets mix templates and do not repeat one template three times (37.123ms)
✔ changing the student seed changes the generated practice content (70.447084ms)
✔ direction practice uses the selected direction projection and avoids ambiguous views (197.320542ms)
✔ lesson 5 separates information sufficiency from no-hidden-block counting (0.86975ms)
✔ practice position restores by problem id and clamps safely (0.327041ms)
✔ reward catalog unlocks usable materials and themes at deterministic XP thresholds (0.251125ms)
✔ appearance metadata is sanitized independently from mathematical coordinates (0.671334ms)
✔ 교과서 옆 기준은 오른쪽 관찰(+x)이고 신규 건축판은 10×10이다 (0.3225ms)
✔ canonical order is y/z/x, independent of insertion order (6.892583ms)
✔ asymmetric projections preserve front/right-side orientation (0.502709ms)
✔ physics reject floating, out-of-bounds, noninteger and occupied placements (16.677666ms)
✔ grading exact coordinates cannot silently settle floating or malformed submissions (8.282167ms)
✔ constraint accepts distinct physically valid models with same projections (0.373875ms)
✔ third wrong answer reveals only hint; fourth reveals answer; reconstruction completes once (0.233667ms)
✔ feedback reflects prior mistakes instead of claiming a first-try success (0.11875ms)
✔ non-building answers reveal their answer without forcing a rebuild (0.200042ms)
✔ cannot bypass construction by submitting only a numeric block count (0.117125ms)
✔ 학급 생성 실패를 인증·권한·검증·서버 코드로 분류한다 (1.539125ms)
✔ PostgreSQL migrations, RLS isolation and atomic progression (4215.718625ms)
✔ 배포판 버전 계약은 package/migration 버전을 노출한다 (0.761375ms)
✔ 설치 상태는 점검 결과를 받아 READY까지 계산한다 (0.198625ms)
✔ 연결·학급만으로 설치 완료를 표시하거나 선행 점검을 건너뛰지 않는다 (0.146291ms)
✔ 로컬 버전 서비스는 원격 업데이트를 가장하지 않는다 (0.1345ms)
✔ 앱과 설치된 DB 버전의 호환 상태를 계산한다 (0.13975ms)
✔ 직접 practice 재접속은 해당 단계의 서버 현재 문항을 복원한다 (1.396209ms)
✔ 실제 DB 공개 문항 형식의 35행 반복을 보존하고 새 20개와 별도 35개를 검증한다 (181.727042ms)
✔ 실제 35행 형태는 기본 추가 1개와 생성 34개/중복 코드 17개로 진단하며 삭제하지 않는다 (1.721791ms)
✔ 과거 기록 열람은 허용하되 위치·답안·블록 재저장으로 활성세트를 되돌리지 않는다 (0.245166ms)
✔ 새 35문항은 번호·숨은 모형을 제외한 공개 과제가 반복되지 않는다 (105.925833ms)
✔ 구버전 35문항 재현 및 내용 중복 변형 탐지 (94.616209ms)
✔ 5차시 35개는 6계열이며 결정적으로 복원되고 기존 v1을 바꾸지 않는다 (809.431375ms)
✔ 5차시 여러 seed·실제 배정량에서 고유성과 짧은 세트 배분을 보존한다 (1285.56225ms)
✔ 이미 생성된 세트 재조회에서도 다른 seed/학생 문항을 섞지 않는다 (0.530459ms)
✔ 같은 정답은 서로 다른 공개 자료를 중복으로 만들지 않는다 (60.483541ms)
✔ 개별 생성 문항 접근도 현재 배정 seed/차시와 비교한다 (0.629625ms)
✔ 동시 생성·재시도에서도 같은 문항은 같은 DB PK를 사용한다 (41.708083ms)
✔ 5차시 가정/최대의 개수는 공개 앞면에서 독립 계산하며 원본 총개수로 바꾸지 않는다 (47.178916ms)
✔ 3차시 격자는 실제 정답 투영의 행·열을 사용한다 (16.147667ms)
✔ 구버전 문제 응답도 투영 정답에서 실제 입력 격자 계약을 복원한다 (0.419958ms)
✔ 투영 자료와 방향 단서가 모두 없는 문항은 자동으로 답안을 추정하지 않는다 (0.230208ms)
✔ 4차시 높이 지도 개수 문제는 학생에게 숫자 지도를 표시한다 (0.796334ms)
✔ 세 방향 쌓기 문제는 세 조건이 모두 없으면 출제할 수 없다 (0.425125ms)
✔ 세 방향 그리기와 층별 그리기는 전용 입력 Renderer 계약을 갖는다 (0.633958ms)
✔ 품질 게이트는 격자 자료와 정답이 함께 사라진 문항을 거부한다 (2.907417ms)
✔ 독립 고정값 3×3 앞면의 ‘숨은 블록 없음’ 정답은 9이며 변조된 20을 거부한다 (0.629708ms)
✔ 고정 비대칭 기준은 오른쪽 투영을 좌우 반전한 답으로 통과하지 않는다 (0.549542ms)
✔ runtime installation config round-trips through a URL fragment (2.394ms)
✔ runtime config rejects server secrets and unsafe URLs (0.343834ms)
✔ changing the runtime installation switches the shared Supabase client (84.183667ms)
✔ lesson 4 independently fixed heights/layer counts and 10 cubes (3.049041ms)
✔ four horizontal directions are distinguishable; fixed front/right expectations (0.726917ms)
✔ phase2 all generated contracts admit their answer and reject wrong answer across boundary seeds (81.211459ms)
✔ intro avoids projection and height materials; all activity gates require real evidence (1.875333ms)
✔ adaptive assignment stable, keyed by error concepts; restoration preserves independent lesson state (2.256375ms)
✔ L5 solver-backed semantics, count certainty, min/max and boolean renderer contracts (59.469ms)
✔ L6 validates candidates and accepts a different structure with the same three projections (9.975125ms)
✔ L7 exact height reconstruction and independently expected right/front silhouettes (4.449ms)
✔ L8 legal nested layers, exact reconstruction, error example and explicit fixed rule (9.96175ms)
✔ all Phase3 activity/assessment contracts, exact totals and adaptive tags (38.209542ms)
✔ L5 fixed oblique builder enforces public columns and hidden-column ceiling (5.502125ms)
✔ publication rejects solver classification and min/max metadata mismatches (2.767ms)
✔ only lesson5 restricts its introduction; lesson6/7/8 builders preserve free camera (1.7775ms)
✔ P01-03 independent asymmetric top/front/right expected grids (6.133833ms)
✔ P04-05 display bottom is z0/front and every cell has inverse mapping (0.688542ms)
✔ height and layer maps use the identical display adapter (1.197792ms)
✔ P06 addition changes front cell only, using fixed expectations (0.513041ms)
✔ P07 removal changes independently expected front/right heights (0.708708ms)
✔ P08 floating, duplicate, and out of bounds coordinates rejected (0.311125ms)
✔ P09 actual display clicks produce canonical projection answer (2.221625ms)
✔ P10 right side differs from left on fixed asymmetric fixture (0.596542ms)
✔ deterministic bounded generator, separated direction projections, all outputs solvable (21.815667ms)
✔ adaptive four reflect tags and are assigned only after six completions (2.406417ms)
✔ four feedback stages reveal only on fourth wrong, then student corrects (0.431834ms)
✔ all answers and current position serialize in isolated version namespace (0.686292ms)
✔ empty constraints and unimplemented min/max cannot silently pass (0.25725ms)
✔ learn requires real actions; prediction alone or next clicks cannot complete (1.700333ms)
✔ actual canonical camera offsets distinguish all four lesson2 directions and free rotation (0.222542ms)
✔ right observer display mirrors legacy storage columns with exact inverse, not stored answers (0.566542ms)
✔ S01/S09 full profiles on one column have one model (4.300583ms)
✔ S02 multiple models with the same count remain distinct (0.535584ms)
✔ S03/S05/S08 independently enumerated seven 2x2 positive profiles (8.006958ms)
✔ S04 contradiction is zero solutions, never determinable (0.566875ms)
✔ S06 top only and S07 top plus front (0.512833ms)
✔ S10 exact count refines to unique (0.270833ms)
✔ S11 fixed asymmetric right profile and S12 project agreement (0.91475ms)
✔ S12/S13 all small solutions obey input and gravity with independent height-pair oracle (2.275583ms)
✔ node/time/cancel budgets cannot claim uniqueness (0.433209ms)
✔ invalid bounds, height/layer shape, floating layers and duplicates rejected (0.951166ms)
✔ height and layer round trips with fixed count and middle-layer inference (0.838709ms)
✔ given visible block forces its supporting column without inventing other restrictions (0.193625ms)
✔ 방향별 투영은 뒤·왼쪽에서 본 화면의 좌우를 반전한다 (4.034167ms)
✔ 방향 문제가 하나의 정답을 만드는지 검사한다 (0.910833ms)
✔ 학생 로그인 오류를 단계별 한국어 메시지로 분류한다 (1.081041ms)
✔ 학생 이름과 반 코드는 저장·로그인에 같은 정규화 규칙을 사용한다 (1.525708ms)
✔ 교사 Auth 오류를 원인별 코드로 분류한다 (1.191834ms)
ℹ tests 101
ℹ suites 0
ℹ pass 101
ℹ fail 0
ℹ cancelled 0
ℹ skipped 0
ℹ todo 0
ℹ duration_ms 4583.308083
