
> stacking-blocks-math-web@1.0.0 test
> node --experimental-strip-types --test tests/*.test.ts

✔ lesson 9 challenge requires exactly ten physically valid blocks (42.170792ms)
✔ lesson 9 challenge cards are generated from the same projections (2.186875ms)
✔ lesson 9 score is two points without hint and one after hint (1.709291ms)
✔ architecture project requires complete text, three floors and a third floor block (5.207083ms)
✔ practice generator is deterministic and scales by lesson (51.85375ms)
✔ all practice lesson generators produce valid seeded problems (1008.434541ms)
✔ practice sets mix templates and do not repeat one template three times (634.487542ms)
✔ changing the student seed changes the generated practice content (250.950958ms)
✔ direction practice uses the selected direction projection and avoids ambiguous views (981.443792ms)
✔ lesson 5 separates information sufficiency from no-hidden-block counting (5.810417ms)
✔ practice position restores by problem id and clamps safely (9.420084ms)
✔ reward catalog unlocks usable materials and themes at deterministic XP thresholds (2.79825ms)
✔ appearance metadata is sanitized independently from mathematical coordinates (15.33125ms)
✔ 교과서 옆 기준은 오른쪽 관찰(+x)이고 신규 건축판은 10×10이다 (0.272958ms)
✔ canonical order is y/z/x, independent of insertion order (5.435791ms)
✔ asymmetric projections preserve front/right-side orientation (0.924125ms)
✔ physics reject floating, out-of-bounds, noninteger and occupied placements (32.30225ms)
✔ grading exact coordinates cannot silently settle floating or malformed submissions (8.3205ms)
✔ constraint accepts distinct physically valid models with same projections (1.32425ms)
✔ third wrong answer reveals only hint; fourth reveals answer; reconstruction completes once (0.599791ms)
✔ feedback reflects prior mistakes instead of claiming a first-try success (0.305208ms)
✔ non-building answers reveal their answer without forcing a rebuild (0.622417ms)
✔ cannot bypass construction by submitting only a numeric block count (0.308ms)
✔ 학급 생성 실패를 인증·권한·검증·서버 코드로 분류한다 (3.96025ms)
✔ PostgreSQL migrations, RLS isolation and atomic progression (14373.807083ms)
✔ 배포판 버전 계약은 package/migration 버전을 노출한다 (51.663125ms)
✔ 설치 상태는 점검 결과를 받아 READY까지 계산한다 (1.098708ms)
✔ 연결·학급만으로 설치 완료를 표시하거나 선행 점검을 건너뛰지 않는다 (1.13925ms)
✔ 로컬 버전 서비스는 원격 업데이트를 가장하지 않는다 (0.569917ms)
✔ 앱과 설치된 DB 버전의 호환 상태를 계산한다 (0.692583ms)
✔ 직접 practice 재접속은 해당 단계의 서버 현재 문항을 복원한다 (34.618ms)
✔ 실제 DB 공개 문항 형식의 35행 반복을 보존하고 새 20개와 별도 35개를 검증한다 (356.956375ms)
✔ 실제 35행 형태는 기본 추가 1개와 생성 34개/중복 코드 17개로 진단하며 삭제하지 않는다 (2.77725ms)
✔ 과거 기록 열람은 허용하되 위치·답안·블록 재저장으로 활성세트를 되돌리지 않는다 (1.277208ms)
✔ 새 35문항은 번호·숨은 모형을 제외한 공개 과제가 반복되지 않는다 (407.053208ms)
✔ 구버전 35문항 재현 및 내용 중복 변형 탐지 (250.966ms)
✔ 5차시 35개는 6계열이며 결정적으로 복원되고 기존 v1을 바꾸지 않는다 (2647.28925ms)
✔ 5차시 여러 seed·실제 배정량에서 고유성과 짧은 세트 배분을 보존한다 (2843.716834ms)
✔ 이미 생성된 세트 재조회에서도 다른 seed/학생 문항을 섞지 않는다 (1.401833ms)
✔ 같은 정답은 서로 다른 공개 자료를 중복으로 만들지 않는다 (55.81375ms)
✔ 개별 생성 문항 접근도 현재 배정 seed/차시와 비교한다 (0.356084ms)
✔ 동시 생성·재시도에서도 같은 문항은 같은 DB PK를 사용한다 (279.829041ms)
✔ 5차시 가정/최대의 개수는 공개 앞면에서 독립 계산하며 원본 총개수로 바꾸지 않는다 (213.664791ms)
✔ 3차시 격자는 실제 정답 투영의 행·열을 사용한다 (6.291458ms)
✔ 구버전 문제 응답도 투영 정답에서 실제 입력 격자 계약을 복원한다 (0.565125ms)
✔ 투영 자료와 방향 단서가 모두 없는 문항은 자동으로 답안을 추정하지 않는다 (0.337083ms)
✔ 4차시 높이 지도 개수 문제는 학생에게 숫자 지도를 표시한다 (0.371333ms)
✔ 세 방향 쌓기 문제는 세 조건이 모두 없으면 출제할 수 없다 (0.397041ms)
✔ 세 방향 그리기와 층별 그리기는 전용 입력 Renderer 계약을 갖는다 (0.337042ms)
✔ 품질 게이트는 격자 자료와 정답이 함께 사라진 문항을 거부한다 (54.557583ms)
✔ 독립 고정값 3×3 앞면의 ‘숨은 블록 없음’ 정답은 9이며 변조된 20을 거부한다 (0.922542ms)
✔ 고정 비대칭 기준은 오른쪽 투영을 좌우 반전한 답으로 통과하지 않는다 (0.795209ms)
✔ runtime installation config round-trips through a URL fragment (5.299125ms)
✔ runtime config rejects server secrets and unsafe URLs (0.477375ms)
✔ changing the runtime installation switches the shared Supabase client (277.154792ms)
✔ lesson 4 independently fixed heights/layer counts and 10 cubes (147.551ms)
✔ four horizontal directions are distinguishable; fixed front/right expectations (1.067791ms)
✔ phase2 all generated contracts admit their answer and reject wrong answer across boundary seeds (268.05325ms)
✔ intro avoids projection and height materials; all activity gates require real evidence (8.344833ms)
✔ adaptive assignment stable, keyed by error concepts; restoration preserves independent lesson state (18.021125ms)
✔ L5 solver-backed semantics, count certainty, min/max and boolean renderer contracts (189.754416ms)
✔ L6 validates candidates and accepts a different structure with the same three projections (108.162666ms)
✔ L7 exact height reconstruction and independently expected right/front silhouettes (7.111167ms)
✔ L8 legal nested layers, exact reconstruction, error example and explicit fixed rule (86.097084ms)
✔ all Phase3 activity/assessment contracts, exact totals and adaptive tags (222.675083ms)
✔ L5 fixed oblique builder enforces public columns and hidden-column ceiling (101.584459ms)
✔ publication rejects solver classification and min/max metadata mismatches (15.227ms)
✔ P01-03 independent asymmetric top/front/right expected grids (7.553ms)
✔ P04-05 display bottom is z0/front and every cell has inverse mapping (0.924875ms)
✔ height and layer maps use the identical display adapter (1.78425ms)
✔ P06 addition changes front cell only, using fixed expectations (4.990083ms)
✔ P07 removal changes independently expected front/right heights (0.920459ms)
✔ P08 floating, duplicate, and out of bounds coordinates rejected (1.204542ms)
✔ P09 actual display clicks produce canonical projection answer (4.559375ms)
✔ P10 right side differs from left on fixed asymmetric fixture (3.068875ms)
✔ deterministic bounded generator, separated direction projections, all outputs solvable (413.335333ms)
✔ adaptive four reflect tags and are assigned only after six completions (11.675708ms)
✔ four feedback stages reveal only on fourth wrong, then student corrects (9.185583ms)
✔ all answers and current position serialize in isolated version namespace (3.075834ms)
✔ empty constraints and unimplemented min/max cannot silently pass (0.673625ms)
✔ learn requires real actions; prediction alone or next clicks cannot complete (1.219792ms)
✔ actual canonical camera offsets distinguish all four lesson2 directions and free rotation (0.453917ms)
✔ right observer display mirrors legacy storage columns with exact inverse, not stored answers (1.606125ms)
✔ S01/S09 full profiles on one column have one model (56.556917ms)
✔ S02 multiple models with the same count remain distinct (1.125917ms)
✔ S03/S05/S08 independently enumerated seven 2x2 positive profiles (3.829166ms)
✔ S04 contradiction is zero solutions, never determinable (0.580458ms)
✔ S06 top only and S07 top plus front (1.493125ms)
✔ S10 exact count refines to unique (0.396458ms)
✔ S11 fixed asymmetric right profile and S12 project agreement (3.102875ms)
✔ S12/S13 all small solutions obey input and gravity with independent height-pair oracle (15.825834ms)
✔ node/time/cancel budgets cannot claim uniqueness (1.975709ms)
✔ invalid bounds, height/layer shape, floating layers and duplicates rejected (2.202625ms)
✔ height and layer round trips with fixed count and middle-layer inference (1.862417ms)
✔ given visible block forces its supporting column without inventing other restrictions (0.812208ms)
✔ 방향별 투영은 뒤·왼쪽에서 본 화면의 좌우를 반전한다 (8.575292ms)
✔ 방향 문제가 하나의 정답을 만드는지 검사한다 (3.606375ms)
✔ 학생 로그인 오류를 단계별 한국어 메시지로 분류한다 (6.90975ms)
✔ 학생 이름과 반 코드는 저장·로그인에 같은 정규화 규칙을 사용한다 (5.956792ms)
✔ 교사 Auth 오류를 원인별 코드로 분류한다 (11.250667ms)
ℹ tests 100
ℹ suites 0
ℹ pass 100
ℹ fail 0
ℹ cancelled 0
ℹ skipped 0
ℹ todo 0
ℹ duration_ms 16931.701708
