
> stacking-blocks-math-web@1.0.0 test
> node --experimental-strip-types --test tests/*.test.ts

✔ lesson 9 challenge requires exactly ten physically valid blocks (21.290958ms)
✔ lesson 9 challenge cards are generated from the same projections (10.63425ms)
✔ lesson 9 score is two points without hint and one after hint (5.453916ms)
✔ architecture project requires complete text, three floors and a third floor block (7.772375ms)
✔ practice generator is deterministic and scales by lesson (155.9505ms)
✔ all practice lesson generators produce valid seeded problems (1483.44575ms)
✔ practice sets mix templates and do not repeat one template three times (219.323417ms)
✔ changing the student seed changes the generated practice content (446.144125ms)
✔ direction practice uses the selected direction projection and avoids ambiguous views (1100.583875ms)
✔ lesson 5 separates information sufficiency from no-hidden-block counting (2.815083ms)
✔ practice position restores by problem id and clamps safely (0.621333ms)
✔ reward catalog unlocks usable materials and themes at deterministic XP thresholds (0.387041ms)
✔ appearance metadata is sanitized independently from mathematical coordinates (4.424833ms)
✔ 교과서 옆 기준은 오른쪽 관찰(+x)이고 신규 건축판은 10×10이다 (10.607875ms)
✔ canonical order is y/z/x, independent of insertion order (114.592667ms)
✔ asymmetric projections preserve front/right-side orientation (34.55875ms)
✔ physics reject floating, out-of-bounds, noninteger and occupied placements (0.94075ms)
✔ grading exact coordinates cannot silently settle floating or malformed submissions (0.844625ms)
✔ constraint accepts distinct physically valid models with same projections (1.179417ms)
✔ third wrong answer reveals only hint; fourth reveals answer; reconstruction completes once (5.2165ms)
✔ feedback reflects prior mistakes instead of claiming a first-try success (0.294083ms)
✔ non-building answers reveal their answer without forcing a rebuild (0.512166ms)
✔ cannot bypass construction by submitting only a numeric block count (0.268458ms)
✔ 학급 생성 실패를 인증·권한·검증·서버 코드로 분류한다 (109.021541ms)
✔ PostgreSQL migrations, RLS isolation and atomic progression (14501.609959ms)
✔ 배포판 버전 계약은 package/migration 버전을 노출한다 (3.2685ms)
✔ 설치 상태는 점검 결과를 받아 READY까지 계산한다 (0.486625ms)
✔ 연결·학급만으로 설치 완료를 표시하거나 선행 점검을 건너뛰지 않는다 (0.313375ms)
✔ 로컬 버전 서비스는 원격 업데이트를 가장하지 않는다 (1.715166ms)
✔ 앱과 설치된 DB 버전의 호환 상태를 계산한다 (2.326584ms)
✔ 직접 practice 재접속은 해당 단계의 서버 현재 문항을 복원한다 (2.271333ms)
✔ 실제 DB 공개 문항 형식의 35행 반복을 보존하고 새 20개와 별도 35개를 검증한다 (1610.061292ms)
✔ 실제 35행 형태는 기본 추가 1개와 생성 34개/중복 코드 17개로 진단하며 삭제하지 않는다 (1.811292ms)
✔ 과거 기록 열람은 허용하되 위치·답안·블록 재저장으로 활성세트를 되돌리지 않는다 (0.267708ms)
✔ 새 35문항은 번호·숨은 모형을 제외한 공개 과제가 반복되지 않는다 (1084.383292ms)
✔ 구버전 35문항 재현 및 내용 중복 변형 탐지 (509.988791ms)
✔ 5차시 35개는 6계열이며 결정적으로 복원되고 기존 v1을 바꾸지 않는다 (3274.832875ms)
✔ 5차시 여러 seed·실제 배정량에서 고유성과 짧은 세트 배분을 보존한다 (2695.567125ms)
✔ 이미 생성된 세트 재조회에서도 다른 seed/학생 문항을 섞지 않는다 (6.627417ms)
✔ 같은 정답은 서로 다른 공개 자료를 중복으로 만들지 않는다 (46.595708ms)
✔ 개별 생성 문항 접근도 현재 배정 seed/차시와 비교한다 (0.404375ms)
✔ 동시 생성·재시도에서도 같은 문항은 같은 DB PK를 사용한다 (41.739834ms)
✔ 5차시 가정/최대의 개수는 공개 앞면에서 독립 계산하며 원본 총개수로 바꾸지 않는다 (63.766916ms)
✔ 3차시 격자는 실제 정답 투영의 행·열을 사용한다 (5.125667ms)
✔ 구버전 문제 응답도 투영 정답에서 실제 입력 격자 계약을 복원한다 (0.516625ms)
✔ 투영 자료와 방향 단서가 모두 없는 문항은 자동으로 답안을 추정하지 않는다 (2.797417ms)
✔ 4차시 높이 지도 개수 문제는 학생에게 숫자 지도를 표시한다 (3.104042ms)
✔ 세 방향 쌓기 문제는 세 조건이 모두 없으면 출제할 수 없다 (0.338625ms)
✔ 세 방향 그리기와 층별 그리기는 전용 입력 Renderer 계약을 갖는다 (0.260667ms)
✔ 품질 게이트는 격자 자료와 정답이 함께 사라진 문항을 거부한다 (40.28875ms)
✔ 독립 고정값 3×3 앞면의 ‘숨은 블록 없음’ 정답은 9이며 변조된 20을 거부한다 (0.743292ms)
✔ 고정 비대칭 기준은 오른쪽 투영을 좌우 반전한 답으로 통과하지 않는다 (4.926208ms)
✔ runtime installation config round-trips through a URL fragment (6.982791ms)
✔ runtime config rejects server secrets and unsafe URLs (2.327125ms)
✔ changing the runtime installation switches the shared Supabase client (367.395167ms)
✔ lesson 4 independently fixed heights/layer counts and 10 cubes (10.126041ms)
✔ four horizontal directions are distinguishable; fixed front/right expectations (0.698958ms)
✔ phase2 all generated contracts admit their answer and reject wrong answer across boundary seeds (171.313541ms)
✔ intro avoids projection and height materials; all activity gates require real evidence (3.893167ms)
✔ adaptive assignment stable, keyed by error concepts; restoration preserves independent lesson state (9.707667ms)
✔ L5 solver-backed semantics, count certainty, min/max and boolean renderer contracts (304.722417ms)
✔ L6 validates candidates and accepts a different structure with the same three projections (75.182125ms)
✔ L7 exact height reconstruction and independently expected right/front silhouettes (156.348417ms)
✔ L8 legal nested layers, exact reconstruction, error example and explicit fixed rule (49.864083ms)
✔ all Phase3 activity/assessment contracts, exact totals and adaptive tags (206.963125ms)
✔ L5 fixed oblique builder enforces public columns and hidden-column ceiling (4.17775ms)
✔ publication rejects solver classification and min/max metadata mismatches (3.466416ms)
✔ P01-03 independent asymmetric top/front/right expected grids (9.780667ms)
✔ P04-05 display bottom is z0/front and every cell has inverse mapping (0.990875ms)
✔ height and layer maps use the identical display adapter (2.998375ms)
✔ P06 addition changes front cell only, using fixed expectations (1.250667ms)
✔ P07 removal changes independently expected front/right heights (0.782583ms)
✔ P08 floating, duplicate, and out of bounds coordinates rejected (1.480292ms)
✔ P09 actual display clicks produce canonical projection answer (66.121083ms)
✔ P10 right side differs from left on fixed asymmetric fixture (5.74675ms)
✔ deterministic bounded generator, separated direction projections, all outputs solvable (281.896458ms)
✔ adaptive four reflect tags and are assigned only after six completions (26.753292ms)
✔ four feedback stages reveal only on fourth wrong, then student corrects (0.836375ms)
✔ all answers and current position serialize in isolated version namespace (191.921917ms)
✔ empty constraints and unimplemented min/max cannot silently pass (22.875959ms)
✔ learn requires real actions; prediction alone or next clicks cannot complete (1.138375ms)
✔ actual canonical camera offsets distinguish all four lesson2 directions and free rotation (25.206125ms)
✔ right observer display mirrors legacy storage columns with exact inverse, not stored answers (0.544875ms)
✔ S01/S09 full profiles on one column have one model (9.110375ms)
✔ S02 multiple models with the same count remain distinct (1.905333ms)
✔ S03/S05/S08 independently enumerated seven 2x2 positive profiles (2.01075ms)
✔ S04 contradiction is zero solutions, never determinable (0.379042ms)
✔ S06 top only and S07 top plus front (0.524833ms)
✔ S10 exact count refines to unique (0.402375ms)
✔ S11 fixed asymmetric right profile and S12 project agreement (0.789708ms)
✔ S12/S13 all small solutions obey input and gravity with independent height-pair oracle (3.7445ms)
✔ node/time/cancel budgets cannot claim uniqueness (0.903875ms)
✔ invalid bounds, height/layer shape, floating layers and duplicates rejected (1.647042ms)
✔ height and layer round trips with fixed count and middle-layer inference (1.288584ms)
✔ given visible block forces its supporting column without inventing other restrictions (0.276958ms)
✔ 방향별 투영은 뒤·왼쪽에서 본 화면의 좌우를 반전한다 (41.306542ms)
✔ 방향 문제가 하나의 정답을 만드는지 검사한다 (0.827375ms)
✔ 학생 로그인 오류를 단계별 한국어 메시지로 분류한다 (16.998708ms)
✔ 학생 이름과 반 코드는 저장·로그인에 같은 정규화 규칙을 사용한다 (2.9495ms)
✔ 교사 Auth 오류를 원인별 코드로 분류한다 (4.313709ms)
ℹ tests 100
ℹ suites 0
ℹ pass 100
ℹ fail 0
ℹ cancelled 0
ℹ skipped 0
ℹ todo 0
ℹ duration_ms 17681.045958
