
> stacking-blocks-math-web@1.0.0 test
> node --experimental-strip-types --test tests/*.test.ts

✔ lesson 9 challenge requires exactly ten physically valid blocks (8.813958ms)
✔ lesson 9 challenge cards are generated from the same projections (41.079542ms)
✔ lesson 9 score is two points without hint and one after hint (2.255916ms)
✔ architecture project requires complete text, three floors and a third floor block (1.637083ms)
✔ practice generator is deterministic and scales by lesson (123.664958ms)
✔ all practice lesson generators produce valid seeded problems (724.648167ms)
✔ practice sets mix templates and do not repeat one template three times (205.712667ms)
✔ changing the student seed changes the generated practice content (138.543167ms)
✔ direction practice uses the selected direction projection and avoids ambiguous views (274.288333ms)
✔ lesson 5 separates information sufficiency from no-hidden-block counting (0.637958ms)
✔ practice position restores by problem id and clamps safely (0.14ms)
✔ reward catalog unlocks usable materials and themes at deterministic XP thresholds (0.122583ms)
✔ appearance metadata is sanitized independently from mathematical coordinates (2.261792ms)
✔ 교과서 옆 기준은 오른쪽 관찰(+x)이고 신규 건축판은 10×10이다 (0.232833ms)
✔ canonical order is y/z/x, independent of insertion order (2.291584ms)
✔ asymmetric projections preserve front/right-side orientation (0.291625ms)
✔ physics reject floating, out-of-bounds, noninteger and occupied placements (3.104792ms)
✔ grading exact coordinates cannot silently settle floating or malformed submissions (0.376792ms)
✔ constraint accepts distinct physically valid models with same projections (0.229584ms)
✔ third wrong answer reveals only hint; fourth reveals answer; reconstruction completes once (0.148667ms)
✔ feedback reflects prior mistakes instead of claiming a first-try success (0.083334ms)
✔ non-building answers reveal their answer without forcing a rebuild (0.130125ms)
✔ cannot bypass construction by submitting only a numeric block count (0.081833ms)
✔ 학급 생성 실패를 인증·권한·검증·서버 코드로 분류한다 (5.381333ms)
✔ PostgreSQL migrations, RLS isolation and atomic progression (9567.811541ms)
✔ 배포판 버전 계약은 package/migration 버전을 노출한다 (15.413042ms)
✔ 설치 상태는 점검 결과를 받아 READY까지 계산한다 (1.19575ms)
✔ 연결·학급만으로 설치 완료를 표시하거나 선행 점검을 건너뛰지 않는다 (0.246333ms)
✔ 로컬 버전 서비스는 원격 업데이트를 가장하지 않는다 (0.110584ms)
✔ 앱과 설치된 DB 버전의 호환 상태를 계산한다 (0.122166ms)
✔ 직접 practice 재접속은 해당 단계의 서버 현재 문항을 복원한다 (0.894541ms)
✔ 실제 DB 공개 문항 형식의 35행 반복을 보존하고 새 20개와 별도 35개를 검증한다 (324.658125ms)
✔ 실제 35행 형태는 기본 추가 1개와 생성 34개/중복 코드 17개로 진단하며 삭제하지 않는다 (2.560292ms)
✔ 과거 기록 열람은 허용하되 위치·답안·블록 재저장으로 활성세트를 되돌리지 않는다 (0.162917ms)
✔ 새 35문항은 번호·숨은 모형을 제외한 공개 과제가 반복되지 않는다 (173.589917ms)
✔ 구버전 35문항 재현 및 내용 중복 변형 탐지 (75.173416ms)
✔ 5차시 35개는 6계열이며 결정적으로 복원되고 기존 v1을 바꾸지 않는다 (1430.394709ms)
✔ 5차시 여러 seed·실제 배정량에서 고유성과 짧은 세트 배분을 보존한다 (1820.580541ms)
✔ 이미 생성된 세트 재조회에서도 다른 seed/학생 문항을 섞지 않는다 (1.8725ms)
✔ 같은 정답은 서로 다른 공개 자료를 중복으로 만들지 않는다 (20.40025ms)
✔ 개별 생성 문항 접근도 현재 배정 seed/차시와 비교한다 (1.40425ms)
✔ 동시 생성·재시도에서도 같은 문항은 같은 DB PK를 사용한다 (26.9725ms)
✔ 5차시 가정/최대의 개수는 공개 앞면에서 독립 계산하며 원본 총개수로 바꾸지 않는다 (31.866834ms)
✔ 3차시 격자는 실제 정답 투영의 행·열을 사용한다 (20.483417ms)
✔ 구버전 문제 응답도 투영 정답에서 실제 입력 격자 계약을 복원한다 (0.256917ms)
✔ 투영 자료와 방향 단서가 모두 없는 문항은 자동으로 답안을 추정하지 않는다 (0.107792ms)
✔ 4차시 높이 지도 개수 문제는 학생에게 숫자 지도를 표시한다 (0.762333ms)
✔ 세 방향 쌓기 문제는 세 조건이 모두 없으면 출제할 수 없다 (0.169791ms)
✔ 세 방향 그리기와 층별 그리기는 전용 입력 Renderer 계약을 갖는다 (0.297917ms)
✔ 품질 게이트는 격자 자료와 정답이 함께 사라진 문항을 거부한다 (1.307125ms)
✔ 독립 고정값 3×3 앞면의 ‘숨은 블록 없음’ 정답은 9이며 변조된 20을 거부한다 (1.043791ms)
✔ 고정 비대칭 기준은 오른쪽 투영을 좌우 반전한 답으로 통과하지 않는다 (0.204208ms)
✔ runtime installation config round-trips through a URL fragment (4.465917ms)
✔ runtime config rejects server secrets and unsafe URLs (0.467959ms)
✔ changing the runtime installation switches the shared Supabase client (325.621417ms)
✔ lesson 4 independently fixed heights/layer counts and 10 cubes (4.559584ms)
✔ four horizontal directions are distinguishable; fixed front/right expectations (0.753583ms)
✔ phase2 all generated contracts admit their answer and reject wrong answer across boundary seeds (431.544042ms)
✔ intro avoids projection and height materials; all activity gates require real evidence (0.678833ms)
✔ adaptive assignment stable, keyed by error concepts; restoration preserves independent lesson state (15.160791ms)
✔ L5 solver-backed semantics, count certainty, min/max and boolean renderer contracts (23.5105ms)
✔ L6 validates candidates and accepts a different structure with the same three projections (37.357291ms)
✔ L7 exact height reconstruction and independently expected right/front silhouettes (15.592792ms)
✔ L8 legal nested layers, exact reconstruction, error example and explicit fixed rule (3.541084ms)
✔ all Phase3 activity/assessment contracts, exact totals and adaptive tags (85.192625ms)
✔ P01-03 independent asymmetric top/front/right expected grids (2.799917ms)
✔ P04-05 display bottom is z0/front and every cell has inverse mapping (1.680708ms)
✔ height and layer maps use the identical display adapter (14.62025ms)
✔ P06 addition changes front cell only, using fixed expectations (2.618208ms)
✔ P07 removal changes independently expected front/right heights (0.335292ms)
✔ P08 floating, duplicate, and out of bounds coordinates rejected (0.835667ms)
✔ P09 actual display clicks produce canonical projection answer (1.573084ms)
✔ P10 right side differs from left on fixed asymmetric fixture (0.91525ms)
✔ deterministic bounded generator, separated direction projections, all outputs solvable (142.652333ms)
✔ adaptive four reflect tags and are assigned only after six completions (12.352708ms)
✔ four feedback stages reveal only on fourth wrong, then student corrects (0.591584ms)
✔ all answers and current position serialize in isolated version namespace (1.443417ms)
✔ empty constraints and unimplemented min/max cannot silently pass (0.307458ms)
✔ learn requires real actions; prediction alone or next clicks cannot complete (1.342208ms)
✔ actual canonical camera offsets distinguish all four lesson2 directions and free rotation (0.352334ms)
✔ right observer display mirrors legacy storage columns with exact inverse, not stored answers (0.891625ms)
✔ S01/S09 full profiles on one column have one model (200.614ms)
✔ S02 multiple models with the same count remain distinct (1.125333ms)
✔ S03/S05/S08 independently enumerated seven 2x2 positive profiles (11.208041ms)
✔ S04 contradiction is zero solutions, never determinable (5.213667ms)
✔ S06 top only and S07 top plus front (0.648375ms)
✔ S10 exact count refines to unique (1.488792ms)
✔ S11 fixed asymmetric right profile and S12 project agreement (0.39925ms)
✔ S12/S13 all small solutions obey input and gravity with independent height-pair oracle (2.239292ms)
✔ node/time/cancel budgets cannot claim uniqueness (6.501541ms)
✔ invalid bounds, height/layer shape, floating layers and duplicates rejected (10.920209ms)
✔ height and layer round trips with fixed count and middle-layer inference (7.020417ms)
✔ given visible block forces its supporting column without inventing other restrictions (0.125916ms)
✔ 방향별 투영은 뒤·왼쪽에서 본 화면의 좌우를 반전한다 (45.096625ms)
✔ 방향 문제가 하나의 정답을 만드는지 검사한다 (0.309708ms)
✔ 학생 로그인 오류를 단계별 한국어 메시지로 분류한다 (1.060792ms)
✔ 학생 이름과 반 코드는 저장·로그인에 같은 정규화 규칙을 사용한다 (3.243125ms)
✔ 교사 Auth 오류를 원인별 코드로 분류한다 (1.889959ms)
ℹ tests 98
ℹ suites 0
ℹ pass 98
ℹ fail 0
ℹ cancelled 0
ℹ skipped 0
ℹ todo 0
ℹ duration_ms 11093.680209
