
> stacking-blocks-math-web@1.0.0 qa:redesign
> node scripts/run-redesign-qa.mjs


> stacking-blocks-math-web@1.0.0 build
> tsc -b && vite build

vite v6.4.3 building for production...
transforming...
✓ 528 modules transformed.
rendering chunks...
computing gzip size...
dist/index.html                                        0.60 kB │ gzip:   0.41 kB
dist/assets/pdf.worker.min-Dswkl-cV.mjs            1,265.41 kB
dist/assets/Lesson3Redesign-CLifQA6g.css               3.54 kB │ gzip:   1.19 kB
dist/assets/index-57YWddgb.css                        11.58 kB │ gzip:   3.32 kB
dist/assets/pdf.worker.min-CWpYdfRJ.js                 0.07 kB │ gzip:   0.09 kB
dist/assets/rewards-Dc0dHNJH.js                        0.13 kB │ gzip:   0.12 kB
dist/assets/display-CLlxKRr1.js                        0.36 kB │ gzip:   0.25 kB
dist/assets/pass.fragment-Cnz6aU8o.js                  0.38 kB │ gzip:   0.29 kB
dist/assets/answerUi-BJNFcVGY.js                       0.39 kB │ gzip:   0.24 kB
dist/assets/supabase-CEUB8wp1.js                       0.39 kB │ gzip:   0.32 kB
dist/assets/rgbdDecode.fragment-BZz1_tMy.js            0.48 kB │ gzip:   0.34 kB
dist/assets/pass.fragment-CF9fKDM4.js                  0.51 kB │ gzip:   0.34 kB
dist/assets/spatialConventions-D0B5WyFF.js             0.56 kB │ gzip:   0.35 kB
dist/assets/rgbdDecode.fragment-CvB3ZIjh.js            0.61 kB │ gzip:   0.39 kB
dist/assets/snapshotDraft-B86A_uFv.js                  0.66 kB │ gzip:   0.35 kB
dist/assets/Representations-hrUCYjR_.js                0.79 kB │ gzip:   0.50 kB
dist/assets/color.fragment-GaG_LwsK.js                 0.81 kB │ gzip:   0.41 kB
dist/assets/passCube.fragment-DrXUkxmM.js              0.89 kB │ gzip:   0.39 kB
dist/assets/color.fragment-BaqkMBKu.js                 0.91 kB │ gzip:   0.45 kB
dist/assets/mesh.vertexData.functions-ayNlGC5K.js      0.96 kB │ gzip:   0.49 kB
dist/assets/activities-CeQtBtv-.js                     1.16 kB │ gzip:   0.57 kB
dist/assets/passCube.fragment-BoDDEGpR.js              1.19 kB │ gzip:   0.44 kB
dist/assets/color.vertex-3QIT1edF.js                   1.21 kB │ gzip:   0.56 kB
dist/assets/color.vertex-DVOVmqVX.js                   1.28 kB │ gzip:   0.56 kB
dist/assets/ActivityBuilder-CPfKLmpp.js                1.29 kB │ gzip:   0.71 kB
dist/assets/ProjectionGrid-RVkexCNj.js                 1.35 kB │ gzip:   0.72 kB
dist/assets/ddsTextureLoader-c0kNE7qy.js               1.36 kB │ gzip:   0.68 kB
dist/assets/teacherErrors-w-MDL-eg.js                  1.68 kB │ gzip:   0.87 kB
dist/assets/logDepthDeclaration-CjMD1NZN.js            1.96 kB │ gzip:   0.75 kB
dist/assets/fogFragment-dBSRCTK1.js                    2.09 kB │ gzip:   0.65 kB
dist/assets/TeacherGate-Ru_9rmBk.js                    2.11 kB │ gzip:   1.06 kB
dist/assets/fogFragment-CLfNzH10.js                    2.32 kB │ gzip:   0.70 kB
dist/assets/logDepthDeclaration-Bojy7B0T.js            2.33 kB │ gzip:   0.75 kB
dist/assets/hdrTextureLoader-DRFT1qIw.js               2.48 kB │ gzip:   1.20 kB
dist/assets/iesTextureLoader-Cs947W2K.js               2.76 kB │ gzip:   1.21 kB
dist/assets/RewardsPage-FuuXZORf.js                    2.95 kB │ gzip:   1.47 kB
dist/assets/lessons-C2PhnTZU.js                        3.02 kB │ gzip:   1.31 kB
dist/assets/dumpTools-Bbi-26Kv.js                      3.31 kB │ gzip:   1.59 kB
dist/assets/tgaTextureLoader--khekBDU.js               3.59 kB │ gzip:   1.42 kB
dist/assets/problemPresentation-BQF8ZJ4V.js            4.03 kB │ gzip:   1.59 kB
dist/assets/StudentWorld-BdZ0D4EZ.js                   5.04 kB │ gzip:   2.10 kB
dist/assets/LessonLearnPage-CK3XwpCL.js                5.52 kB │ gzip:   2.38 kB
dist/assets/TeacherProblemEditor-DoWY0VWD.js           5.84 kB │ gzip:   2.55 kB
dist/assets/helperFunctions-Dr1R_hw_.js                5.87 kB │ gzip:   1.97 kB
dist/assets/TeacherStudentRecord-C7vyGMB7.js           6.10 kB │ gzip:   2.52 kB
dist/assets/helperFunctions-CSh-L5-0.js                6.22 kB │ gzip:   2.09 kB
dist/assets/PeerChallengePage-B7L6YkmP.js              7.15 kB │ gzip:   2.52 kB
dist/assets/envTextureLoader-Ub7Ky2wy.js               8.02 kB │ gzip:   3.21 kB
dist/assets/basisTextureLoader-Cp8Sj3yP.js             8.29 kB │ gzip:   3.30 kB
dist/assets/ArchitecturePage-C62FyP_M.js               8.81 kB │ gzip:   3.46 kB
dist/assets/dds-ygmvTVkB.js                            9.77 kB │ gzip:   3.77 kB
dist/assets/vertexColorMixing-CHipU0Iw.js              9.96 kB │ gzip:   1.93 kB
dist/assets/WorksheetImportPage-Dn6p-swf.js           10.30 kB │ gzip:   4.19 kB
dist/assets/vertexColorMixing-68c3cx6s.js             11.31 kB │ gzip:   1.95 kB
dist/assets/TeacherPage-JRq8n-Pc.js                   14.39 kB │ gzip:   5.10 kB
dist/assets/exrTextureLoader-DY7g17yN.js              15.59 kB │ gzip:   5.84 kB
dist/assets/ktxTextureLoader-CDxb3MxS.js              15.92 kB │ gzip:   4.67 kB
dist/assets/TeacherProblemPreview-DQ1bEPw6.js         18.47 kB │ gzip:   6.40 kB
dist/assets/default.vertex-Cbt-AESE.js                18.95 kB │ gzip:   4.03 kB
dist/assets/default.vertex-BRmq6Rnf.js                20.94 kB │ gzip:   4.10 kB
dist/assets/LessonPage-B6BiMRb0.js                    27.27 kB │ gzip:   9.19 kB
dist/assets/Lesson3Redesign-CFbzsKDq.js               31.48 kB │ gzip:  10.55 kB
dist/assets/passPostProcess-KeHtF6KQ.js               59.65 kB │ gzip:  14.79 kB
dist/assets/default.fragment-hHrAvGT9.js              99.83 kB │ gzip:  19.33 kB
dist/assets/default.fragment-CqdKNkm7.js             106.27 kB │ gzip:  19.45 kB
dist/assets/supabase-D_iOwayF.js                     227.02 kB │ gzip:  58.86 kB
dist/assets/index-C8BbfNlI.js                        282.01 kB │ gzip:  89.91 kB
dist/assets/pdf-CfP-JzcY.js                          483.14 kB │ gzip: 144.26 kB
dist/assets/BlockWorld-DFw1Z7tJ.js                 1,053.85 kB │ gzip: 255.11 kB
✓ built in 3.83s

Running 16 tests using 1 worker

  ✓   1 e2e/redesign.spec.ts:55:1 › T01 learn five distinct activities and concept summary (7.2s)
  ✓   2 e2e/redesign.spec.ts:68:1 › T02 canonical camera buttons render three different views (5.6s)
  ✓   3 e2e/redesign.spec.ts:69:1 › T03 right side reference matches actual asymmetric camera image (2.1s)
  ✓   4 e2e/redesign.spec.ts:78:1 › T04 top bottom row is front and click restores canonical z0 (2.0s)
  ✓   5 e2e/redesign.spec.ts:79:1 › T05 full cell click changes actual submission answer (2.0s)
  ✓   6 e2e/redesign.spec.ts:80:1 › T06 square cells at desktop and tablet sizes (1.2s)
  ✓   7 e2e/redesign.spec.ts:81:1 › T07 real mouse drag, undo, redo and blocks reload (4.3s)
  ✓   8 e2e/redesign.spec.ts:88:1 › T08 synthetic touch drag on actual canvas (2.8s)
  ✓   9 e2e/redesign.spec.ts:89:1 › T09 common six then adaptive four actual input and grading (7.8s)
  ✓  10 e2e/redesign.spec.ts:91:1 › T10 current problem remains after reload and stage round trip (2.5s)
  ✓  11 e2e/redesign.spec.ts:92:1 › T11 in-progress grid survives reload unchanged (1.7s)
  ✓  12 e2e/redesign.spec.ts:93:1 › T12 wrong one/two/three/reveal then independent correction (2.3s)
  ✓  13 e2e/redesign.spec.ts:98:1 › T13 practice five full inputs complete (5.4s)
  ✓  14 e2e/redesign.spec.ts:99:1 › T14 legacy student login route still renders input form (1.9s)
  ✓  15 e2e/redesign.spec.ts:100:1 › T15 legacy teacher login route still renders Auth form (1.2s)
  ✓  16 e2e/redesign.spec.ts:102:1 › R16 legacy ProjectionGrid floor display and click coordinates (2.2s)

  16 passed (53.8s)
[WebServer] (node:45386) Warning: The 'NO_COLOR' env is ignored due to the 'FORCE_COLOR' env being set.
[WebServer] (Use `node --trace-warnings ...` to show where the warning was created)
(node:45388) Warning: The 'NO_COLOR' env is ignored due to the 'FORCE_COLOR' env being set.
(Use `node --trace-warnings ...` to show where the warning was created)
Report: qa/overnight-20260913/phase1b/report.md
