
> stacking-blocks-math-web@1.0.0 qa:redesign
> node scripts/run-redesign-qa.mjs


> stacking-blocks-math-web@1.0.0 build
> tsc -b && vite build

vite v6.4.3 building for production...
transforming...
✓ 532 modules transformed.
rendering chunks...
computing gzip size...
dist/index.html                                        0.60 kB │ gzip:   0.41 kB
dist/assets/pdf.worker.min-Dswkl-cV.mjs            1,265.41 kB
dist/assets/spatial-43jMXJ91.css                       4.11 kB │ gzip:   1.34 kB
dist/assets/index-57YWddgb.css                        11.58 kB │ gzip:   3.32 kB
dist/assets/pdf.worker.min-CWpYdfRJ.js                 0.07 kB │ gzip:   0.09 kB
dist/assets/rewards-Dc0dHNJH.js                        0.13 kB │ gzip:   0.12 kB
dist/assets/display-CLlxKRr1.js                        0.36 kB │ gzip:   0.25 kB
dist/assets/pass.fragment-CSB0u1Xs.js                  0.38 kB │ gzip:   0.29 kB
dist/assets/answerUi-BJNFcVGY.js                       0.39 kB │ gzip:   0.24 kB
dist/assets/supabase-Co5-lyDY.js                       0.39 kB │ gzip:   0.32 kB
dist/assets/rgbdDecode.fragment-kZsyx6sA.js            0.48 kB │ gzip:   0.34 kB
dist/assets/pass.fragment-QGi8Y67J.js                  0.51 kB │ gzip:   0.33 kB
dist/assets/spatialConventions-C-FOb7r0.js             0.56 kB │ gzip:   0.35 kB
dist/assets/rgbdDecode.fragment-BeiWkQod.js            0.61 kB │ gzip:   0.39 kB
dist/assets/snapshotDraft-B86A_uFv.js                  0.66 kB │ gzip:   0.35 kB
dist/assets/Representations-BceHikeX.js                0.79 kB │ gzip:   0.50 kB
dist/assets/color.fragment-H-9yZdIe.js                 0.81 kB │ gzip:   0.41 kB
dist/assets/passCube.fragment-BMNq4DuM.js              0.89 kB │ gzip:   0.39 kB
dist/assets/color.fragment-CcADqEwo.js                 0.91 kB │ gzip:   0.44 kB
dist/assets/mesh.vertexData.functions-ayNlGC5K.js      0.96 kB │ gzip:   0.49 kB
dist/assets/activities-aTeEt_Lz.js                     1.16 kB │ gzip:   0.57 kB
dist/assets/passCube.fragment-BNh_NmQN.js              1.19 kB │ gzip:   0.44 kB
dist/assets/color.vertex-CAZeGeWR.js                   1.21 kB │ gzip:   0.56 kB
dist/assets/color.vertex-CfiedClC.js                   1.28 kB │ gzip:   0.56 kB
dist/assets/ActivityBuilder-NOFXdCbq.js                1.29 kB │ gzip:   0.71 kB
dist/assets/ProjectionGrid-CGnITQ00.js                 1.35 kB │ gzip:   0.72 kB
dist/assets/ddsTextureLoader-Be-eTz-H.js               1.36 kB │ gzip:   0.67 kB
dist/assets/teacherErrors-w-MDL-eg.js                  1.68 kB │ gzip:   0.87 kB
dist/assets/logDepthDeclaration-1pKF8Sks.js            1.96 kB │ gzip:   0.75 kB
dist/assets/fogFragment-ByqXSWrH.js                    2.09 kB │ gzip:   0.64 kB
dist/assets/TeacherGate-CV59ldrN.js                    2.11 kB │ gzip:   1.06 kB
dist/assets/fogFragment-C5A5DCAs.js                    2.32 kB │ gzip:   0.70 kB
dist/assets/logDepthDeclaration-C_luFexB.js            2.33 kB │ gzip:   0.75 kB
dist/assets/hdrTextureLoader-BBovS-w5.js               2.48 kB │ gzip:   1.20 kB
dist/assets/iesTextureLoader-D26SGLyy.js               2.76 kB │ gzip:   1.21 kB
dist/assets/RewardsPage-BRa56-xG.js                    2.95 kB │ gzip:   1.47 kB
dist/assets/lessons-C2PhnTZU.js                        3.02 kB │ gzip:   1.31 kB
dist/assets/dumpTools-D7EC0F1B.js                      3.31 kB │ gzip:   1.59 kB
dist/assets/tgaTextureLoader-Cq0leJZ_.js               3.59 kB │ gzip:   1.42 kB
dist/assets/problemPresentation-BQF8ZJ4V.js            4.03 kB │ gzip:   1.59 kB
dist/assets/StudentWorld-DM9Z6S1N.js                   5.04 kB │ gzip:   2.10 kB
dist/assets/LessonLearnPage-B-ec7KVL.js                5.52 kB │ gzip:   2.38 kB
dist/assets/TeacherProblemEditor-D_vxjXIK.js           5.84 kB │ gzip:   2.55 kB
dist/assets/helperFunctions-Cck5EEEA.js                5.87 kB │ gzip:   1.97 kB
dist/assets/TeacherStudentRecord-BD_p9K_f.js           6.10 kB │ gzip:   2.51 kB
dist/assets/helperFunctions-Ty7IEQlD.js                6.22 kB │ gzip:   2.09 kB
dist/assets/PeerChallengePage-B_Hg60n0.js              7.15 kB │ gzip:   2.51 kB
dist/assets/envTextureLoader-gF9JLV8D.js               8.02 kB │ gzip:   3.21 kB
dist/assets/basisTextureLoader-BCmWmn7T.js             8.29 kB │ gzip:   3.30 kB
dist/assets/ArchitecturePage-BRorWNIw.js               8.81 kB │ gzip:   3.46 kB
dist/assets/dds-i6s_4bGK.js                            9.77 kB │ gzip:   3.77 kB
dist/assets/vertexColorMixing-CQkBPRTY.js              9.96 kB │ gzip:   1.92 kB
dist/assets/WorksheetImportPage-Heq5GuyA.js           10.30 kB │ gzip:   4.19 kB
dist/assets/vertexColorMixing-Zbysp2Sk.js             11.31 kB │ gzip:   1.95 kB
dist/assets/TeacherPage-CXb7lPQ6.js                   14.39 kB │ gzip:   5.10 kB
dist/assets/exrTextureLoader-BnDDwuwL.js              15.59 kB │ gzip:   5.84 kB
dist/assets/spatial-D3kKefse.js                       15.83 kB │ gzip:   6.00 kB
dist/assets/ktxTextureLoader-4fXW79jM.js              15.92 kB │ gzip:   4.67 kB
dist/assets/Lesson3Redesign-CjC6WqUI.js               16.13 kB │ gzip:   5.63 kB
dist/assets/TeacherProblemPreview-nC3PYktj.js         18.47 kB │ gzip:   6.40 kB
dist/assets/default.vertex-D-BVVnnL.js                18.95 kB │ gzip:   4.03 kB
dist/assets/default.vertex-C_OqzCzV.js                20.94 kB │ gzip:   4.10 kB
dist/assets/Phase2Redesign-COMwuXFA.js                24.67 kB │ gzip:   8.57 kB
dist/assets/LessonPage-DUd_m88o.js                    27.27 kB │ gzip:   9.19 kB
dist/assets/passPostProcess-H-_-u4bU.js               59.65 kB │ gzip:  14.78 kB
dist/assets/default.fragment-CnWQIzur.js              99.83 kB │ gzip:  19.33 kB
dist/assets/default.fragment-Bk2yvioh.js             106.27 kB │ gzip:  19.45 kB
dist/assets/supabase-D_iOwayF.js                     227.02 kB │ gzip:  58.86 kB
dist/assets/index-fRNw_Pyz.js                        282.24 kB │ gzip:  89.98 kB
dist/assets/pdf-CfP-JzcY.js                          483.14 kB │ gzip: 144.26 kB
dist/assets/BlockWorld-D0lQOcCS.js                 1,054.41 kB │ gzip: 255.26 kB
✓ built in 3.74s

Running 19 tests using 1 worker

  ✓   1 e2e/redesign-phase2.spec.ts:34:1 › P21 lesson1 learn four, solve eight, practice five actual flow (10.8s)
  ✓   2 e2e/redesign-phase2.spec.ts:35:1 › P22 lesson2 learn four directions, solve nine, practice five (19.5s)
  ✓   3 e2e/redesign-phase2.spec.ts:36:1 › P24 lesson4 synchronized heights/layers, solve nine, practice five (11.2s)
  ✓   4 e2e/redesign.spec.ts:55:1 › T01 learn five distinct activities and concept summary (7.3s)
  ✓   5 e2e/redesign.spec.ts:68:1 › T02 canonical camera buttons render three different views (4.5s)
  ✓   6 e2e/redesign.spec.ts:69:1 › T03 right side reference matches actual asymmetric camera image (1.9s)
  ✓   7 e2e/redesign.spec.ts:78:1 › T04 top bottom row is front and click restores canonical z0 (1.9s)
  ✓   8 e2e/redesign.spec.ts:79:1 › T05 full cell click changes actual submission answer (1.6s)
  ✓   9 e2e/redesign.spec.ts:80:1 › T06 square cells at desktop and tablet sizes (1.2s)
  ✓  10 e2e/redesign.spec.ts:81:1 › T07 real mouse drag, undo, redo and blocks reload (5.0s)
  ✓  11 e2e/redesign.spec.ts:88:1 › T08 synthetic touch drag on actual canvas (4.2s)
  ✓  12 e2e/redesign.spec.ts:89:1 › T09 common six then adaptive four actual input and grading (10.4s)
  ✓  13 e2e/redesign.spec.ts:91:1 › T10 current problem remains after reload and stage round trip (3.0s)
  ✓  14 e2e/redesign.spec.ts:92:1 › T11 in-progress grid survives reload unchanged (2.2s)
  ✓  15 e2e/redesign.spec.ts:93:1 › T12 wrong one/two/three/reveal then independent correction (2.7s)
  ✓  16 e2e/redesign.spec.ts:98:1 › T13 practice five full inputs complete (7.4s)
  ✓  17 e2e/redesign.spec.ts:99:1 › T14 legacy student login route still renders input form (1.3s)
  ✓  18 e2e/redesign.spec.ts:100:1 › T15 legacy teacher login route still renders Auth form (1.4s)
  ✓  19 e2e/redesign.spec.ts:102:1 › R16 legacy ProjectionGrid floor display and click coordinates (2.1s)

  19 passed (1.7m)
[WebServer] (node:47123) Warning: The 'NO_COLOR' env is ignored due to the 'FORCE_COLOR' env being set.
[WebServer] (Use `node --trace-warnings ...` to show where the warning was created)
(node:47125) Warning: The 'NO_COLOR' env is ignored due to the 'FORCE_COLOR' env being set.
(Use `node --trace-warnings ...` to show where the warning was created)
Report: qa/overnight-20260913/phase2/report.md
