
> stacking-blocks-math-web@1.0.0 build
> tsc -b && vite build

vite v6.4.3 building for production...
transforming...
✓ 537 modules transformed.
rendering chunks...
computing gzip size...
dist/index.html                                        0.60 kB │ gzip:   0.40 kB
dist/assets/pdf.worker.min-Dswkl-cV.mjs            1,265.41 kB
dist/assets/Phase3Redesign-C8lGjxg1.css                0.69 kB │ gzip:   0.32 kB
dist/assets/spatial-Bi9apmkI.css                       4.10 kB │ gzip:   1.34 kB
dist/assets/index-57YWddgb.css                        11.58 kB │ gzip:   3.32 kB
dist/assets/pdf.worker.min-CWpYdfRJ.js                 0.07 kB │ gzip:   0.09 kB
dist/assets/rewards-Dc0dHNJH.js                        0.13 kB │ gzip:   0.12 kB
dist/assets/display-CLlxKRr1.js                        0.36 kB │ gzip:   0.25 kB
dist/assets/pass.fragment-B3IH9_QF.js                  0.38 kB │ gzip:   0.29 kB
dist/assets/answerUi-BJNFcVGY.js                       0.39 kB │ gzip:   0.24 kB
dist/assets/supabase-D6zLXiGv.js                       0.39 kB │ gzip:   0.32 kB
dist/assets/rgbdDecode.fragment-BcxLfGy1.js            0.48 kB │ gzip:   0.34 kB
dist/assets/pass.fragment-3a4naMkr.js                  0.51 kB │ gzip:   0.33 kB
dist/assets/spatialConventions-CoRLKtSq.js             0.56 kB │ gzip:   0.35 kB
dist/assets/rgbdDecode.fragment-CN35_37U.js            0.61 kB │ gzip:   0.38 kB
dist/assets/snapshotDraft-B86A_uFv.js                  0.66 kB │ gzip:   0.35 kB
dist/assets/Representations-CzjE0rcT.js                0.79 kB │ gzip:   0.50 kB
dist/assets/color.fragment-bVCnJdhE.js                 0.81 kB │ gzip:   0.41 kB
dist/assets/passCube.fragment-BxkUJXET.js              0.89 kB │ gzip:   0.39 kB
dist/assets/color.fragment-ZEHm7Yff.js                 0.91 kB │ gzip:   0.44 kB
dist/assets/mesh.vertexData.functions-ayNlGC5K.js      0.96 kB │ gzip:   0.49 kB
dist/assets/activities-g3l5BoP_.js                     1.16 kB │ gzip:   0.56 kB
dist/assets/passCube.fragment-C6QPvOqs.js              1.19 kB │ gzip:   0.44 kB
dist/assets/color.vertex-D9s7eIGt.js                   1.21 kB │ gzip:   0.56 kB
dist/assets/color.vertex-CWo6mVqN.js                   1.28 kB │ gzip:   0.56 kB
dist/assets/ProjectionGrid-DqC4bejM.js                 1.35 kB │ gzip:   0.72 kB
dist/assets/ddsTextureLoader-Dx2UIelS.js               1.36 kB │ gzip:   0.67 kB
dist/assets/ActivityBuilder-COtNDg9T.js                1.42 kB │ gzip:   0.78 kB
dist/assets/teacherErrors-w-MDL-eg.js                  1.68 kB │ gzip:   0.87 kB
dist/assets/logDepthDeclaration-BNXoSAu5.js            1.96 kB │ gzip:   0.75 kB
dist/assets/fogFragment-BXVCEV0_.js                    2.09 kB │ gzip:   0.64 kB
dist/assets/TeacherGate-3NWHU_fa.js                    2.11 kB │ gzip:   1.06 kB
dist/assets/fogFragment-D-PawiHq.js                    2.32 kB │ gzip:   0.70 kB
dist/assets/logDepthDeclaration-CSQlTsy7.js            2.33 kB │ gzip:   0.75 kB
dist/assets/hdrTextureLoader-CdbfjhRr.js               2.48 kB │ gzip:   1.20 kB
dist/assets/iesTextureLoader-BjqIXi0k.js               2.76 kB │ gzip:   1.21 kB
dist/assets/RewardsPage-xH5WT37i.js                    2.95 kB │ gzip:   1.48 kB
dist/assets/lessons-C2PhnTZU.js                        3.02 kB │ gzip:   1.31 kB
dist/assets/dumpTools-BrLUGqP4.js                      3.31 kB │ gzip:   1.59 kB
dist/assets/tgaTextureLoader-CplKPUrS.js               3.59 kB │ gzip:   1.42 kB
dist/assets/problemPresentation-BQF8ZJ4V.js            4.03 kB │ gzip:   1.59 kB
dist/assets/StudentWorld-ll_aJ7so.js                   5.04 kB │ gzip:   2.10 kB
dist/assets/LessonLearnPage-HynKswCq.js                5.52 kB │ gzip:   2.38 kB
dist/assets/TeacherProblemEditor-DgPfJ2Gk.js           5.84 kB │ gzip:   2.55 kB
dist/assets/helperFunctions-BsTe31WS.js                5.87 kB │ gzip:   1.97 kB
dist/assets/TeacherStudentRecord-CSFOzxNc.js           6.10 kB │ gzip:   2.51 kB
dist/assets/helperFunctions-p2N-D8Q8.js                6.22 kB │ gzip:   2.09 kB
dist/assets/PeerChallengePage-C9U3qw9C.js              7.15 kB │ gzip:   2.51 kB
dist/assets/envTextureLoader-BRhR2nuF.js               8.02 kB │ gzip:   3.21 kB
dist/assets/basisTextureLoader-CjPbzvw1.js             8.29 kB │ gzip:   3.29 kB
dist/assets/ArchitecturePage-BDJoB5os.js               8.81 kB │ gzip:   3.46 kB
dist/assets/dds-C8346tDh.js                            9.77 kB │ gzip:   3.77 kB
dist/assets/vertexColorMixing-BN6TAbyx.js              9.96 kB │ gzip:   1.92 kB
dist/assets/WorksheetImportPage-BCGjof2q.js           10.30 kB │ gzip:   4.19 kB
dist/assets/vertexColorMixing-X2x5ZvbQ.js             11.31 kB │ gzip:   1.95 kB
dist/assets/TeacherPage-Pb_5nNvc.js                   14.39 kB │ gzip:   5.10 kB
dist/assets/exrTextureLoader-DEkbu9VB.js              15.59 kB │ gzip:   5.84 kB
dist/assets/ktxTextureLoader-BLhyszUp.js              15.92 kB │ gzip:   4.67 kB
dist/assets/Lesson3Redesign-BYXB1iz3.js               16.14 kB │ gzip:   5.63 kB
dist/assets/TeacherProblemPreview-Ch-hyXfA.js         18.47 kB │ gzip:   6.40 kB
dist/assets/default.vertex-D6zwD9_e.js                18.95 kB │ gzip:   4.03 kB
dist/assets/default.vertex-B9abbsp3.js                20.94 kB │ gzip:   4.10 kB
dist/assets/spatial-B9s1pnN9.js                       21.82 kB │ gzip:   8.32 kB
dist/assets/Phase2Redesign-DiRpYUn-.js                25.13 kB │ gzip:   8.67 kB
dist/assets/Phase3Redesign-Chcd--xn.js                26.19 kB │ gzip:   9.19 kB
dist/assets/LessonPage-B5CWaWpL.js                    27.27 kB │ gzip:   9.18 kB
dist/assets/passPostProcess-BFosKiv7.js               59.65 kB │ gzip:  14.79 kB
dist/assets/default.fragment-BpLIl7vf.js              99.83 kB │ gzip:  19.33 kB
dist/assets/default.fragment-g8OEo0-F.js             106.27 kB │ gzip:  19.45 kB
dist/assets/supabase-D_iOwayF.js                     227.02 kB │ gzip:  58.86 kB
dist/assets/index-BvvOoQp3.js                        282.51 kB │ gzip:  90.06 kB
dist/assets/pdf-CfP-JzcY.js                          483.14 kB │ gzip: 144.26 kB
dist/assets/BlockWorld-Br2Ydgzt.js                 1,054.55 kB │ gzip: 255.40 kB
✓ built in 4.37s
