
Running 29 tests using 1 worker

  ✓   1 e2e/redesign-phase2.spec.ts:34:1 › P21 lesson1 learn four, solve eight, practice five actual flow (18.7s)
  ✓   2 e2e/redesign-phase2.spec.ts:35:1 › P22 lesson2 learn four directions, solve nine, practice five (19.7s)
  ✓   3 e2e/redesign-phase2.spec.ts:36:1 › P24 lesson4 synchronized heights/layers, solve nine, practice five (10.6s)
  ✓   4 e2e/redesign-phase3.spec.ts:66:1 › P35 L5 five Learn ten Solve five Practice with restore (9.8s)
  ✓   5 e2e/redesign-phase3.spec.ts:67:1 › P36 L6 five Learn ten Solve five Practice with restore (13.6s)
  ✓   6 e2e/redesign-phase3.spec.ts:68:1 › P37 L7 five Learn nine Solve five Practice with restore (8.8s)
  ✓   7 e2e/redesign-phase3.spec.ts:69:1 › P38 L8 five Learn nine Solve five Practice with restore (8.7s)
  ✓   8 e2e/redesign-phase3.spec.ts:70:1 › P39 four wrong attempts reveal number, not builder; position and draft survive (1.2s)
  ✓   9 e2e/redesign-phase3.spec.ts:71:1 › P40 alternative 3D answer, real example reveal and middle-layer restore (3.5s)
  ✓  10 e2e/redesign-phase3.spec.ts:72:1 › P41 mouse palette drag and tablet touch placement are real input (2.9s)
  ✓  11 e2e/redesign-phase3.spec.ts:73:1 › P42 optional practice middle layer has a unique answer and restores cells (1.2s)
  ✓  12 e2e/redesign-phase3.spec.ts:74:1 › P43 unfinished answer kinds restore after reload without completing or moving (10.7s)
  ✓  13 e2e/redesign-phase3.spec.ts:75:1 › P44 L5 both sufficient and insufficient information use judgment buttons (1.2s)
  ✓  14 e2e/redesign.spec.ts:55:1 › T01 learn five distinct activities and concept summary (6.9s)
  ✓  15 e2e/redesign.spec.ts:68:1 › T02 canonical camera buttons render three different views (4.6s)
  ✓  16 e2e/redesign.spec.ts:69:1 › T03 right side reference matches actual asymmetric camera image (1.6s)
  ✓  17 e2e/redesign.spec.ts:78:1 › T04 top bottom row is front and click restores canonical z0 (2.4s)
  ✓  18 e2e/redesign.spec.ts:79:1 › T05 full cell click changes actual submission answer (1.7s)
  ✓  19 e2e/redesign.spec.ts:80:1 › T06 square cells at desktop and tablet sizes (875ms)
  ✓  20 e2e/redesign.spec.ts:81:1 › T07 real mouse drag, undo, redo and blocks reload (4.9s)
  ✓  21 e2e/redesign.spec.ts:88:1 › T08 synthetic touch drag on actual canvas (2.3s)
  ✓  22 e2e/redesign.spec.ts:89:1 › T09 common six then adaptive four actual input and grading (12.2s)
  ✓  23 e2e/redesign.spec.ts:91:1 › T10 current problem remains after reload and stage round trip (3.1s)
  ✓  24 e2e/redesign.spec.ts:92:1 › T11 in-progress grid survives reload unchanged (1.5s)
  ✓  25 e2e/redesign.spec.ts:93:1 › T12 wrong one/two/three/reveal then independent correction (2.1s)
  ✓  26 e2e/redesign.spec.ts:98:1 › T13 practice five full inputs complete (4.7s)
  ✓  27 e2e/redesign.spec.ts:99:1 › T14 legacy student login route still renders input form (914ms)
  ✓  28 e2e/redesign.spec.ts:100:1 › T15 legacy teacher login route still renders Auth form (1.1s)
  ✓  29 e2e/redesign.spec.ts:102:1 › R16 legacy ProjectionGrid floor display and click coordinates (1.7s)

  29 passed (2.8m)
